#-----------------------------------------------------------
# Vivado v2019.1 (64-bit)
# SW Build 2552052 on Fri May 24 14:49:42 MDT 2019
# IP Build 2548770 on Fri May 24 18:01:18 MDT 2019
# Start of session at: Wed Jun  9 18:47:25 2021
# Process ID: 2236
# Current directory: C:/Users/sustech/Desktop/CICC1197+华南赛区+DeveloperNeverGiveUp+基于E203 RISC-V处理器与Arty A7-100T FPGA的实时图像卷积SoC/riscv_sobel_miiudp_ov5640
# Command line: vivado.exe -gui_launcher_event rodinguilauncherevent5964 C:\Users\sustech\Desktop\CICC1197+华南赛区+DeveloperNeverGiveUp+基于E203 RISC-V处理器与Arty A7-100T FPGA的实时图像卷积SoC\riscv_sobel_miiudp_ov5640\riscv_sobel_miiudp_ov5640.xpr
# Log file: C:/Users/sustech/Desktop/CICC1197+华南赛区+DeveloperNeverGiveUp+基于E203 RISC-V处理器与Arty A7-100T FPGA的实时图像卷积SoC/riscv_sobel_miiudp_ov5640/vivado.log
# Journal file: C:/Users/sustech/Desktop/CICC1197+华南赛区+DeveloperNeverGiveUp+基于E203 RISC-V处理器与Arty A7-100T FPGA的实时图像卷积SoC/riscv_sobel_miiudp_ov5640\vivado.jou
#-----------------------------------------------------------
start_gui
open_project {C:/Users/sustech/Desktop/CICC1197+华南赛区+DeveloperNeverGiveUp+基于E203 RISC-V处理器与Arty A7-100T FPGA的实时图像卷积SoC/riscv_sobel_miiudp_ov5640/riscv_sobel_miiudp_ov5640.xpr}
update_compile_order -fileset sources_1
open_bd_design {C:/Users/sustech/Desktop/CICC1197+华南赛区+DeveloperNeverGiveUp+基于E203 RISC-V处理器与Arty A7-100T FPGA的实时图像卷积SoC/riscv_sobel_miiudp_ov5640/riscv_sobel_miiudp_ov5640.srcs/sources_1/bd/cis_sobel/cis_sobel.bd}
open_bd_design {C:/Users/sustech/Desktop/CICC1197+华南赛区+DeveloperNeverGiveUp+基于E203 RISC-V处理器与Arty A7-100T FPGA的实时图像卷积SoC/riscv_sobel_miiudp_ov5640/riscv_sobel_miiudp_ov5640.srcs/sources_1/bd/cis_sobel/cis_sobel.bd}
close_bd_design [get_bd_designs cis_sobel]
open_bd_design {C:/Users/sustech/Desktop/CICC1197+华南赛区+DeveloperNeverGiveUp+基于E203 RISC-V处理器与Arty A7-100T FPGA的实时图像卷积SoC/riscv_sobel_miiudp_ov5640/riscv_sobel_miiudp_ov5640.srcs/sources_1/bd/cis_sobel/cis_sobel.bd}
