#-----------------------------------------------------------
# Vivado v2019.1 (64-bit)
# SW Build 2552052 on Fri May 24 14:49:42 MDT 2019
# IP Build 2548770 on Fri May 24 18:01:18 MDT 2019
# Start of session at: Wed Jun  9 20:22:28 2021
# Process ID: 1232
# Current directory: C:/Users/sustech/Desktop/dff/riscv_sobel_miiudp_ov5640
# Command line: vivado.exe -gui_launcher_event rodinguilauncherevent12680 C:\Users\sustech\Desktop\dff\riscv_sobel_miiudp_ov5640\riscv_sobel_miiudp_ov5640.xpr
# Log file: C:/Users/sustech/Desktop/dff/riscv_sobel_miiudp_ov5640/vivado.log
# Journal file: C:/Users/sustech/Desktop/dff/riscv_sobel_miiudp_ov5640\vivado.jou
#-----------------------------------------------------------
start_gui
open_project C:/Users/sustech/Desktop/dff/riscv_sobel_miiudp_ov5640/riscv_sobel_miiudp_ov5640.xpr
update_compile_order -fileset sources_1
write_cfgmem  -format mcs -size 16 -interface SPIx1 -loadbit {up 0x00000000 "C:/Users/sustech/Desktop/dff/riscv_sobel_miiudp_ov5640/riscv_sobel_miiudp_ov5640.runs/impl_1/cis_sobel_wrapper.bit" } -loaddata {up 0x00A00000 "C:/Users/sustech/Desktop/Nuclei_Dev/Nuclei_Tools/hbird-sdk/application/baremetal/Jichuangsai/jichuangsai.bin" } -force -file "C:/Users/sustech/Desktop/dff/riscv_sobel_miiudp_ov5640/riscv_sobel_miiudp_ov5640.runs/impl_1/jichuangsai.mcs"
open_hw
connect_hw_server
open_hw_target
set_property PROGRAM.FILE {C:/Users/sustech/Desktop/dff/riscv_sobel_miiudp_ov5640/riscv_sobel_miiudp_ov5640.runs/impl_1/cis_sobel_wrapper.bit} [get_hw_devices xc7a100t_0]
current_hw_device [get_hw_devices xc7a100t_0]
refresh_hw_device -update_hw_probes false [lindex [get_hw_devices xc7a100t_0] 0]
create_hw_cfgmem -hw_device [get_hw_devices xc7a100t_0] -mem_dev [lindex [get_cfgmem_parts {s25fl128sxxxxxx0-spi-x1_x2_x4}] 0]
set_property PROGRAM.ADDRESS_RANGE  {use_file} [ get_property PROGRAM.HW_CFGMEM [lindex [get_hw_devices xc7a100t_0] 0]]
set_property PROGRAM.FILES [list "C:/Users/sustech/Desktop/dff/riscv_sobel_miiudp_ov5640/riscv_sobel_miiudp_ov5640.runs/impl_1/jichuangsai.mcs" ] [ get_property PROGRAM.HW_CFGMEM [lindex [get_hw_devices xc7a100t_0] 0]]
set_property PROGRAM.PRM_FILE {} [ get_property PROGRAM.HW_CFGMEM [lindex [get_hw_devices xc7a100t_0] 0]]
set_property PROGRAM.UNUSED_PIN_TERMINATION {pull-none} [ get_property PROGRAM.HW_CFGMEM [lindex [get_hw_devices xc7a100t_0] 0]]
set_property PROGRAM.BLANK_CHECK  0 [ get_property PROGRAM.HW_CFGMEM [lindex [get_hw_devices xc7a100t_0] 0]]
set_property PROGRAM.ERASE  1 [ get_property PROGRAM.HW_CFGMEM [lindex [get_hw_devices xc7a100t_0] 0]]
set_property PROGRAM.CFG_PROGRAM  1 [ get_property PROGRAM.HW_CFGMEM [lindex [get_hw_devices xc7a100t_0] 0]]
set_property PROGRAM.VERIFY  1 [ get_property PROGRAM.HW_CFGMEM [lindex [get_hw_devices xc7a100t_0] 0]]
set_property PROGRAM.CHECKSUM  0 [ get_property PROGRAM.HW_CFGMEM [lindex [get_hw_devices xc7a100t_0] 0]]
startgroup 
create_hw_bitstream -hw_device [lindex [get_hw_devices xc7a100t_0] 0] [get_property PROGRAM.HW_CFGMEM_BITFILE [ lindex [get_hw_devices xc7a100t_0] 0]]; program_hw_devices [lindex [get_hw_devices xc7a100t_0] 0]; refresh_hw_device [lindex [get_hw_devices xc7a100t_0] 0];
program_hw_cfgmem -hw_cfgmem [ get_property PROGRAM.HW_CFGMEM [lindex [get_hw_devices xc7a100t_0] 0]]
endgroup
close_hw
write_cfgmem  -format mcs -size 16 -interface SPIx1 -loadbit {up 0x00000000 "C:/Users/sustech/Desktop/dff/riscv_sobel_miiudp_ov5640/riscv_sobel_miiudp_ov5640.runs/impl_1/cis_sobel_wrapper.bit" } -loaddata {up 0x00A00000 "C:/Users/sustech/Desktop/Nuclei_Dev/Nuclei_Tools/hbird-sdk/application/baremetal/Jichuangsai/jichuangsai.bin" } -force -file "C:/Users/sustech/Desktop/dff/riscv_sobel_miiudp_ov5640/riscv_sobel_miiudp_ov5640.runs/impl_1/jichuangsai.mcs"
open_hw
connect_hw_server
open_hw_target
set_property PROGRAM.FILE {C:/Users/sustech/Desktop/dff/riscv_sobel_miiudp_ov5640/riscv_sobel_miiudp_ov5640.runs/impl_1/cis_sobel_wrapper.bit} [get_hw_devices xc7a100t_0]
current_hw_device [get_hw_devices xc7a100t_0]
refresh_hw_device -update_hw_probes false [lindex [get_hw_devices xc7a100t_0] 0]
create_hw_cfgmem -hw_device [get_hw_devices xc7a100t_0] -mem_dev [lindex [get_cfgmem_parts {s25fl128sxxxxxx0-spi-x1_x2_x4}] 0]
set_property PROGRAM.ADDRESS_RANGE  {use_file} [ get_property PROGRAM.HW_CFGMEM [lindex [get_hw_devices xc7a100t_0] 0]]
set_property PROGRAM.FILES [list "C:/Users/sustech/Desktop/dff/riscv_sobel_miiudp_ov5640/riscv_sobel_miiudp_ov5640.runs/impl_1/jichuangsai.mcs" ] [ get_property PROGRAM.HW_CFGMEM [lindex [get_hw_devices xc7a100t_0] 0]]
set_property PROGRAM.PRM_FILE {} [ get_property PROGRAM.HW_CFGMEM [lindex [get_hw_devices xc7a100t_0] 0]]
set_property PROGRAM.UNUSED_PIN_TERMINATION {pull-none} [ get_property PROGRAM.HW_CFGMEM [lindex [get_hw_devices xc7a100t_0] 0]]
set_property PROGRAM.BLANK_CHECK  0 [ get_property PROGRAM.HW_CFGMEM [lindex [get_hw_devices xc7a100t_0] 0]]
set_property PROGRAM.ERASE  1 [ get_property PROGRAM.HW_CFGMEM [lindex [get_hw_devices xc7a100t_0] 0]]
set_property PROGRAM.CFG_PROGRAM  1 [ get_property PROGRAM.HW_CFGMEM [lindex [get_hw_devices xc7a100t_0] 0]]
set_property PROGRAM.VERIFY  1 [ get_property PROGRAM.HW_CFGMEM [lindex [get_hw_devices xc7a100t_0] 0]]
set_property PROGRAM.CHECKSUM  0 [ get_property PROGRAM.HW_CFGMEM [lindex [get_hw_devices xc7a100t_0] 0]]
startgroup 
create_hw_bitstream -hw_device [lindex [get_hw_devices xc7a100t_0] 0] [get_property PROGRAM.HW_CFGMEM_BITFILE [ lindex [get_hw_devices xc7a100t_0] 0]]; program_hw_devices [lindex [get_hw_devices xc7a100t_0] 0]; refresh_hw_device [lindex [get_hw_devices xc7a100t_0] 0];
program_hw_cfgmem -hw_cfgmem [ get_property PROGRAM.HW_CFGMEM [lindex [get_hw_devices xc7a100t_0] 0]]
endgroup
close_hw
